[INFO] Scanning for projects...
[INFO] 
[INFO] -----------------------< org.example:mavenMain >------------------------
[INFO] Building mavenMain 1.0-SNAPSHOT
[INFO]   from pom.xml
[INFO] --------------------------------[ jar ]---------------------------------
[INFO] 
[INFO] --- clean:3.2.0:clean (default-clean) @ mavenMain ---
[INFO] Deleting C:\Users\ILYA.MARTSYNKEVICH\IdeaProjects\ProjectNew\target
[INFO] 
[INFO] --- resources:3.3.1:resources (default-resources) @ mavenMain ---
[INFO] Copying 8 resources from src\main\resources to target\classes
[INFO] 
[INFO] --- compiler:3.11.0:compile (default-compile) @ mavenMain ---
[INFO] Changes detected - recompiling the module! :source
[INFO] Compiling 239 source files with javac [debug release 17] to target\classes
[INFO] 
[INFO] --- resources:3.3.1:testResources (default-testResources) @ mavenMain ---
[INFO] Copying 1 resource from src\test\resources to target\test-classes
[INFO] 
[INFO] --- compiler:3.11.0:testCompile (default-testCompile) @ mavenMain ---
[INFO] Changes detected - recompiling the module! :dependency
[INFO] Compiling 9 source files with javac [debug release 17] to target\test-classes
[INFO] 
[INFO] --- surefire:3.1.2:test (default-test) @ mavenMain ---
[INFO] Using auto detected provider org.apache.maven.surefire.junit4.JUnit4Provider
[INFO] 
[INFO] -------------------------------------------------------
[INFO]  T E S T S
[INFO] -------------------------------------------------------
[INFO] Running tests.junit.booking.BookingCurrencyExtractTest
mvn : Nov 18, 2025 4:09:28 PM org.
openqa.selenium.devtools.CdpVersio
nFinder findNearestMatch
At line:1 char:60
+ ... aProjects\ProjectNew' ; mvn 
clean test -DskipTests=false 2>&1 
| Tee-O ...
+                             ~~~~
~~~~~~~~~~~~~~~~~~~~~~~~~~~~~~~~~
    + CategoryInfo          : Not 
   Specified: (Nov 18, 2025 4:..  
  .indNearestMatch:String) [],    
 RemoteException
    + FullyQualifiedErrorId : Nat 
   iveCommandError
 
WARNING: Unable to find CDP 
implementation matching 142
Nov 18, 2025 4:09:29 PM org.openqa
.selenium.chromium.ChromiumDriver 
lambda$new$5
WARNING: Unable to find version 
of CDP to use for 142.0.7444.163. 
You may need to include a 
dependency on a specific version 
of the CDP using something 
similar to `org.seleniumhq.seleniu
m:selenium-devtools-v86:4.23.0` 
where the version ("v86") matches 
the version of the chromium-based 
browser you're using and the 
version number of the artifact is 
the same as Selenium's.
=== ╨ÿ╨ù╨Æ╨¢╨ò╨º╨ò╨¥╨ÿ╨ò ╨Æ╨É╨¢╨«╨ó╨½ ╨ÿ╨ù BOOKING ===

Γ£ô ╨₧╤é╨║╤Ç╤ï╨╗ Booking.com
Γ£ô ╨Ü╤â╨║╨╕ ╨┐╤Ç╨╕╨╜╤Å╤é╤ï
Γ£ô ╨₧╨║╨╜╨╛ Genius ╨╖╨░╨║╤Ç╤ï╤é╨╛

--- ╨ó╨ò╨Ü╨ú╨⌐╨É╨» ╨Æ╨É╨¢╨«╨ó╨É ---

Γ£ô ╨ó╨╡╨║╤â╤ë╨░╤Å ╨▓╨░╨╗╤Ä╤é╨░ (╨║╨╛╨┤): PLN
[ERROR] Tests run: 2, Failures: 0, Errors: 2, Skipped: 0, Time elapsed: 25.87 s <<< FAILURE! -- in tests.junit.booking.BookingCurrencyExtractTest
[ERROR] tests.junit.booking.BookingCurrencyExtractTest.testExtractCurrency -- Time elapsed: 25.83 s <<< ERROR!
org.openqa.selenium.WebDriverException: 
target frame detached
  (failed to check if window was closed: disconnected: Unable to receive message from renderer)
  (Session info: chrome=142.0.7444.163)
Build info: version: '4.23.0', revision: '4df0a231af'
System info: os.name: 'Windows 11', os.arch: 'amd64', os.version: '10.0', java.version: '23.0.1'
Driver info: org.openqa.selenium.chrome.ChromeDriver
Command: [ae350fb0f648d53afb8e03e11e2af488, findElement {using=css selector, value=span.Picker_selection-text}]
Capabilities {acceptInsecureCerts: false, browserName: chrome, browserVersion: 142.0.7444.163, chrome: {chromedriverVersion: 142.0.7444.59 (4b8153ab58d3..., userDataDir: C:\Users\ILYA~1.MAR\AppData...}, fedcm:accounts: true, goog:chromeOptions: {debuggerAddress: localhost:48215}, goog:processID: 35508, networkConnectionEnabled: false, pageLoadStrategy: normal, platformName: windows, proxy: Proxy(), se:cdp: ws://localhost:48215/devtoo..., se:cdpVersion: 142.0.7444.163, setWindowRect: true, strictFileInteractability: false, timeouts: {implicit: 0, pageLoad: 300000, script: 30000}, unhandledPromptBehavior: dismiss and notify, webauthn:extension:credBlob: true, webauthn:extension:largeBlob: true, webauthn:extension:minPinLength: true, webauthn:extension:prf: true, webauthn:virtualAuthenticators: true}
Session ID: ae350fb0f648d53afb8e03e11e2af488
	at java.base/jdk.internal.reflect.DirectConstructorHandleAccessor.newInstance(DirectConstructorHandleAccessor.java:62)
	at java.base/java.lang.reflect.Constructor.newInstanceWithCaller(Constructor.java:501)
	at java.base/java.lang.reflect.Constructor.newInstance(Constructor.java:485)
	at org.openqa.selenium.remote.ErrorCodec.decode(ErrorCodec.java:167)
	at org.openqa.selenium.remote.codec.w3c.W3CHttpResponseCodec.decode(W3CHttpResponseCodec.java:138)
	at org.openqa.selenium.remote.codec.w3c.W3CHttpResponseCodec.decode(W3CHttpResponseCodec.java:50)
	at org.openqa.selenium.remote.HttpCommandExecutor.execute(HttpCommandExecutor.java:190)
	at org.openqa.selenium.remote.service.DriverCommandExecutor.invokeExecute(DriverCommandExecutor.java:216)
	at org.openqa.selenium.remote.service.DriverCommandExecutor.execute(DriverCommandExecutor.java:174)
	at org.openqa.selenium.remote.RemoteWebDriver.execute(RemoteWebDriver.java:527)
	at org.openqa.selenium.remote.ElementLocation$ElementFinder$2.findElement(ElementLocation.java:165)
	at org.openqa.selenium.remote.ElementLocation.findElement(ElementLocation.java:59)
	at org.openqa.selenium.remote.RemoteWebDriver.findElement(RemoteWebDriver.java:357)
	at org.openqa.selenium.remote.RemoteWebDriver.findElement(RemoteWebDriver.java:351)
	at org.openqa.selenium.support.ui.ExpectedConditions$6.apply(ExpectedConditions.java:171)
	at org.openqa.selenium.support.ui.ExpectedConditions$6.apply(ExpectedConditions.java:168)
	at org.openqa.selenium.support.ui.FluentWait.until(FluentWait.java:203)
	at tests.junit.booking.BookingCurrencyExtractTest.testExtractCurrency(BookingCurrencyExtractTest.java:50)
	at java.base/jdk.internal.reflect.DirectMethodHandleAccessor.invoke(DirectMethodHandleAccessor.java:103)
	at java.base/java.lang.reflect.Method.invoke(Method.java:580)
	at org.junit.runners.model.FrameworkMethod$1.runReflectiveCall(FrameworkMethod.java:59)
	at org.junit.internal.runners.model.ReflectiveCallable.run(ReflectiveCallable.java:12)
	at org.junit.runners.model.FrameworkMethod.invokeExplosively(FrameworkMethod.java:56)
	at org.junit.internal.runners.statements.InvokeMethod.evaluate(InvokeMethod.java:17)
	at org.junit.internal.runners.statements.RunBefores.evaluate(RunBefores.java:26)
	at org.junit.internal.runners.statements.RunAfters.evaluate(RunAfters.java:27)
	at org.junit.runners.ParentRunner$3.evaluate(ParentRunner.java:306)
	at org.junit.runners.BlockJUnit4ClassRunner$1.evaluate(BlockJUnit4ClassRunner.java:100)
	at org.junit.runners.ParentRunner.runLeaf(ParentRunner.java:366)
	at org.junit.runners.BlockJUnit4ClassRunner.runChild(BlockJUnit4ClassRunner.java:103)
	at org.junit.runners.BlockJUnit4ClassRunner.runChild(BlockJUnit4ClassRunner.java:63)
	at org.junit.runners.ParentRunner$4.run(ParentRunner.java:331)
	at org.junit.runners.ParentRunner$1.schedule(ParentRunner.java:79)
	at org.junit.runners.ParentRunner.runChildren(ParentRunner.java:329)
	at org.junit.runners.ParentRunner.access$100(ParentRunner.java:66)
	at org.junit.runners.ParentRunner$2.evaluate(ParentRunner.java:293)
	at org.junit.runners.ParentRunner$3.evaluate(ParentRunner.java:306)
	at org.junit.runners.ParentRunner.run(ParentRunner.java:413)
	at org.apache.maven.surefire.junit4.JUnit4Provider.execute(JUnit4Provider.java:316)
	at org.apache.maven.surefire.junit4.JUnit4Provider.executeWithRerun(JUnit4Provider.java:240)
	at org.apache.maven.surefire.junit4.JUnit4Provider.executeTestSet(JUnit4Provider.java:214)
	at org.apache.maven.surefire.junit4.JUnit4Provider.invoke(JUnit4Provider.java:155)
	at org.apache.maven.surefire.booter.ForkedBooter.runSuitesInProcess(ForkedBooter.java:385)
	at org.apache.maven.surefire.booter.ForkedBooter.execute(ForkedBooter.java:162)
	at org.apache.maven.surefire.booter.ForkedBooter.run(ForkedBooter.java:507)
	at org.apache.maven.surefire.booter.ForkedBooter.main(ForkedBooter.java:495)

[ERROR] tests.junit.booking.BookingCurrencyExtractTest.testExtractCurrency -- Time elapsed: 25.83 s <<< ERROR!
org.openqa.selenium.WebDriverException: 
java.io.IOException: Output closed
Build info: version: '4.23.0', revision: '4df0a231af'
System info: os.name: 'Windows 11', os.arch: 'amd64', os.version: '10.0', java.version: '23.0.1'
Driver info: driver.version: ChromiumDriver
	at org.openqa.selenium.remote.http.jdk.JdkHttpClient$4.send(JdkHttpClient.java:301)
	at org.openqa.selenium.remote.http.jdk.JdkHttpClient$4.close(JdkHttpClient.java:320)
	at org.openqa.selenium.devtools.Connection.close(Connection.java:226)
	at org.openqa.selenium.devtools.DevTools.close(DevTools.java:61)
	at java.base/java.util.Optional.ifPresent(Optional.java:178)
	at org.openqa.selenium.remote.RemoteWebDriver.quit(RemoteWebDriver.java:428)
	at org.openqa.selenium.chromium.ChromiumDriver.quit(ChromiumDriver.java:435)
	at tests.junit.booking.BookingCurrencyExtractTest.tearDown(BookingCurrencyExtractTest.java:120)
	at java.base/jdk.internal.reflect.DirectMethodHandleAccessor.invoke(DirectMethodHandleAccessor.java:103)
	at java.base/java.lang.reflect.Method.invoke(Method.java:580)
	at org.junit.runners.model.FrameworkMethod$1.runReflectiveCall(FrameworkMethod.java:59)
	at org.junit.internal.runners.model.ReflectiveCallable.run(ReflectiveCallable.java:12)
	at org.junit.runners.model.FrameworkMethod.invokeExplosively(FrameworkMethod.java:56)
	at org.junit.internal.runners.statements.RunAfters.invokeMethod(RunAfters.java:46)
	at org.junit.internal.runners.statements.RunAfters.evaluate(RunAfters.java:33)
	at org.junit.runners.ParentRunner$3.evaluate(ParentRunner.java:306)
	at org.junit.runners.BlockJUnit4ClassRunner$1.evaluate(BlockJUnit4ClassRunner.java:100)
	at org.junit.runners.ParentRunner.runLeaf(ParentRunner.java:366)
	at org.junit.runners.BlockJUnit4ClassRunner.runChild(BlockJUnit4ClassRunner.java:103)
	at org.junit.runners.BlockJUnit4ClassRunner.runChild(BlockJUnit4ClassRunner.java:63)
	at org.junit.runners.ParentRunner$4.run(ParentRunner.java:331)
	at org.junit.runners.ParentRunner$1.schedule(ParentRunner.java:79)
	at org.junit.runners.ParentRunner.runChildren(ParentRunner.java:329)
	at org.junit.runners.ParentRunner.access$100(ParentRunner.java:66)
	at org.junit.runners.ParentRunner$2.evaluate(ParentRunner.java:293)
	at org.junit.runners.ParentRunner$3.evaluate(ParentRunner.java:306)
	at org.junit.runners.ParentRunner.run(ParentRunner.java:413)
	at org.apache.maven.surefire.junit4.JUnit4Provider.execute(JUnit4Provider.java:316)
	at org.apache.maven.surefire.junit4.JUnit4Provider.executeWithRerun(JUnit4Provider.java:240)
	at org.apache.maven.surefire.junit4.JUnit4Provider.executeTestSet(JUnit4Provider.java:214)
	at org.apache.maven.surefire.junit4.JUnit4Provider.invoke(JUnit4Provider.java:155)
	at org.apache.maven.surefire.booter.ForkedBooter.runSuitesInProcess(ForkedBooter.java:385)
	at org.apache.maven.surefire.booter.ForkedBooter.execute(ForkedBooter.java:162)
	at org.apache.maven.surefire.booter.ForkedBooter.run(ForkedBooter.java:507)
	at org.apache.maven.surefire.booter.ForkedBooter.main(ForkedBooter.java:495)
Caused by: java.io.IOException: Output closed
	at java.net.http/jdk.internal.net.http.websocket.WebSocketImpl.sendClose(WebSocketImpl.java:313)
	at org.openqa.selenium.remote.http.jdk.JdkHttpClient$4.lambda$send$2(JdkHttpClient.java:280)
	at org.openqa.selenium.remote.http.jdk.JdkHttpClient$4.send(JdkHttpClient.java:291)
	... 34 more

[INFO] Running tests.junit.booking.BookingLondonTest
Nov 18, 2025 4:09:54 PM org.openqa
.selenium.devtools.CdpVersionFinde
r findNearestMatch
WARNING: Unable to find CDP 
implementation matching 142
Nov 18, 2025 4:09:54 PM org.openqa
.selenium.chromium.ChromiumDriver 
lambda$new$5
WARNING: Unable to find version 
of CDP to use for 142.0.7444.163. 
You may need to include a 
dependency on a specific version 
of the CDP using something 
similar to `org.seleniumhq.seleniu
m:selenium-devtools-v86:4.23.0` 
where the version ("v86") matches 
the version of the chromium-based 
browser you're using and the 
version number of the artifact is 
the same as Selenium's.
=== ╨ó╨ò╨í╨ó BOOKING LONDON ===

Γ£ô ╨₧╤é╨║╤Ç╤ï╨╗ Booking.com
Γ£ô ╨Ü╤â╨║╨╕ ╨┐╤Ç╨╕╨╜╤Å╤é╤ï
Γ£ô ╨ô╨╛╤Ç╨╛╨┤ LONDON ╨▓╤ï╨▒╤Ç╨░╨╜
Γ£ô ╨ö╨░╤é╤ï ╨▓╤ï╨▒╤Ç╨░╨╜╤ï: 2025-11-21 ΓÇô 2025-11-28
Γ£ô ╨¥╨░╨╢╨░╤é╨░ ╨║╨╜╨╛╨┐╨║╨░ Search
 ╨₧╨╢╨╕╨┤╨░╨╡╨╝ ╨╖╨░╨│╤Ç╤â╨╖╨║╤â ╨╛╤é╨╡╨╗╨╡╨╣...
Γ£ô ╨₧╤é╨╡╨╗╨╕ ╨╖╨░╨│╤Ç╤â╨╢╨╡╨╜╤ï
Γ£ô ╨ƒ╤Ç╨╛╨║╤Ç╤â╤ç╨╡╨╜ ╨║ 10-╨╝╤â ╨╛╤é╨╡╨╗╤Ä
Γ£ô ╨ñ╨╛╨╜ 10-╨│╨╛ ╨╛╤é╨╡╨╗╤Å ╨╕╨╖╨╝╨╡╨╜╨╡╨╜ ╨╜╨░ ╨ù╨ò╨¢╨ò╨¥╨½╨Ö
Γ£ô ╨ª╨▓╨╡╤é ╤é╨╡╨║╤ü╤é╨░ ╨╜╨░╨╖╨▓╨░╨╜╨╕╤Å ╨╛╤é╨╡╨╗╤Å ╨╕╨╖╨╝╨╡╨╜╨╡╨╜ ╨╜╨░ ╨Ü╨á╨É╨í╨¥╨½╨Ö
Γ£ô ╨í╨║╤Ç╨╕╨╜╤ê╨╛╤é ╤ü╨╛╤à╤Ç╨░╨╜╤æ╨╜: target/screenshot_1763478610484.png

=== ╨ó╨ò╨í╨ó ╨ù╨É╨Æ╨ò╨á╨¿╨ò╨¥ ╨ú╨í╨ƒ╨ò╨¿╨¥╨₧ ===
[INFO] Tests run: 1, Failures: 0, Errors: 0, Skipped: 0, Time elapsed: 20.32 s -- in tests.junit.booking.BookingLondonTest
[INFO] Running tests.junit.booking.BookingParisTest
Nov 18, 2025 4:10:14 PM org.openqa
.selenium.devtools.CdpVersionFinde
r findNearestMatch
WARNING: Unable to find CDP 
implementation matching 142
Nov 18, 2025 4:10:14 PM org.openqa
.selenium.chromium.ChromiumDriver 
lambda$new$5
WARNING: Unable to find version 
of CDP to use for 142.0.7444.163. 
You may need to include a 
dependency on a specific version 
of the CDP using something 
similar to `org.seleniumhq.seleniu
m:selenium-devtools-v86:4.23.0` 
where the version ("v86") matches 
the version of the chromium-based 
browser you're using and the 
version number of the artifact is 
the same as Selenium's.
=== ╨ó╨ò╨í╨ó BOOKING PARIS (5 ╨ù╨Æ╨ò╨ù╨ö) ===

--- ╨á╨É╨í╨º╨ò╨ó ╨ö╨É╨ó ---
  ╨ù╨░╨╡╨╖╨┤: 2025-11-21
  ╨Æ╤ï╨╡╨╖╨┤: 2025-11-28
--------------------

╨₧╤é╨║╤Ç╤ï╨╗ Booking.com
╨Ü╤â╨║╨╕ ╨┐╤Ç╨╕╨╜╤Å╤é╤ï
╨ƒ╨É╨á╨ÿ╨û ╨Æ╨½╨æ╨á╨É╨¥!
╨ö╨░╤é╨░ ╨╖╨░╨╡╨╖╨┤╨░ (2025-11-21) ΓÇö ╨¥╨É╨û╨É╨ó╨É!
╨ö╨░╤é╨░ ╨╛╤é╤è╨╡╨╖╨┤╨░ (2025-11-28) ΓÇö ╨¥╨É╨û╨É╨ó╨É!

╨ö╨É╨ó╨½ ╨Æ╨½╨æ╨á╨É╨¥╨½: 2025-11-21 ΓÇô 2025-11-28
╨£╨╛╨┤╨░╨╗╤î╨╜╨╛╨╡ ╨╛╨║╨╜╨╛ ╨│╨╛╤ü╤é╨╡╨╣/╨╜╨╛╨╝╨╡╤Ç╨╛╨▓ ╨₧╨ó╨Ü╨á╨½╨ó╨₧!
╨Ü╨╛╨╜╤é╨╡╨╣╨╜╨╡╤Ç ╨│╨╛╤ü╤é╨╡╨╣ ╨┐╤Ç╨╛╨│╤Ç╤â╨╢╨╡╨╜.
╨Æ╨╖╤Ç╨╛╤ü╨╗╤ï╤à: 4 ╨▓╤ï╨▒╤Ç╨░╨╜╨╛.
╨¥╨╛╨╝╨╡╤Ç╨╛╨▓: 2 ╨▓╤ï╨▒╤Ç╨░╨╜╨╛.
╨¥╨░╨╢╨░╤é╨░ ╨║╨╜╨╛╨┐╨║╨░ 'Done'.

╨¥╨░╨╢╨░╤é╨░ ╨║╨╜╨╛╨┐╨║╨░ 'Search'!
╨₧╨╢╨╕╨┤╨░╨╜╨╕╨╡ ╨┐╤Ç╨╛╨│╤Ç╤â╨╖╨║╨╕ ╨┐╨╡╤Ç╨▓╨╛╨╣ ╨║╨░╤Ç╤é╨╛╤ç╨║╨╕ ╨╛╤é╨╡╨╗╤Å...
╨Ü╨░╤Ç╤é╨╛╤ç╨║╨╕ ╨╛╤é╨╡╨╗╨╡╨╣ ╨┐╤Ç╨╛╨│╤Ç╤â╨╢╨╡╨╜╤ï.
╨ƒ╤Ç╨╛╨║╤Ç╤â╤é╨║╨░ ╨║ ╤ä╨╕╨╗╤î╤é╤Ç╤â '5 stars' ╨▓╤ï╨┐╨╛╨╗╨╜╨╡╨╜╨░.
╨Æ╤ï╨▒╤Ç╨░╨╜ ╤ä╨╕╨╗╤î╤é╤Ç: 5 ╨╖╨▓╨╡╨╖╨┤!
╨₧╨╢╨╕╨┤╨░╨╜╨╕╨╡ ╨╖╨░╨▓╨╡╤Ç╤ê╨╡╨╜╨╕╤Å AJAX-╨╖╨░╨│╤Ç╤â╨╖╨║╨╕ ╨┐╨╛╤ü╨╗╨╡ ╨┐╤Ç╨╕╨╝╨╡╨╜╨╡╨╜╨╕╤Å ╤ä╨╕╨╗╤î╤é╤Ç╨░...
AJAX-╨╖╨░╨│╤Ç╤â╨╖╨║╨░ ╨╖╨░╨▓╨╡╤Ç╤ê╨╡╨╜╨░. ╨ñ╨╕╨╗╤î╤é╤Ç 5 ╨╖╨▓╨╡╨╖╨┤ ╨┐╤Ç╨╕╨╝╨╡╨╜╨╡╨╜.
╨¥╨░╨╢╨░╤é╨░ ╤é╨╡╨║╤â╤ë╨░╤Å ╤ü╨╛╤Ç╤é╨╕╤Ç╨╛╨▓╨║╨░, ╨╛╤é╨║╤Ç╤ï╤é╨╛ ╨▓╤ï╨┐╨░╨┤╨░╤Ä╤ë╨╡╨╡ ╨╝╨╡╨╜╤Ä.
╨Æ╤ï╨▒╤Ç╨░╨╜╨░ ╤ü╨╛╤Ç╤é╨╕╤Ç╨╛╨▓╨║╨░: ╨á╨╡╨╣╤é╨╕╨╜╨│ ╨╛╨▒╤è╨╡╨║╤é╨░ (╨╛╤é ╨╜╨╕╨╖╨║╨╛╨│╨╛ ╨║ ╨▓╤ï╤ü╨╛╨║╨╛╨╝╤â).
╨₧╨╢╨╕╨┤╨░╨╜╨╕╨╡ ╨╖╨░╨▓╨╡╤Ç╤ê╨╡╨╜╨╕╤Å AJAX-╨╖╨░╨│╤Ç╤â╨╖╨║╨╕ ╨┐╨╛╤ü╨╗╨╡ ╤ü╨╛╤Ç╤é╨╕╤Ç╨╛╨▓╨║╨╕...
╨í╨╛╤Ç╤é╨╕╤Ç╨╛╨▓╨║╨░ ╨╖╨░╨▓╨╡╤Ç╤ê╨╡╨╜╨░, ╤Ç╨╡╨╖╤â╨╗╤î╤é╨░╤é╤ï ╨╖╨░╨│╤Ç╤â╨╢╨╡╨╜╤ï.

Γ£à ╨ƒ╨á╨₧╨Æ╨ò╨á╨Ü╨É ╨ú╨í╨ƒ╨ò╨¿╨¥╨É: ╨ƒ╨╡╤Ç╨▓╤ï╨╣ ╨╛╤é╨╡╨╗╤î ╨▓ ╤ü╨┐╨╕╤ü╨║╨╡ ╨╕╨╝╨╡╨╡╤é ╤Ç╨╡╨╣╤é╨╕╨╜╨│ 5 ╨╖╨▓╨╡╨╖╨┤!

--- ╨ñ╨ÿ╨¥╨É╨¢ ╨í╨ª╨ò╨¥╨É╨á╨ÿ╨» ╨ó╨ò╨í╨ó╨É ---
[INFO] Tests run: 1, Failures: 0, Errors: 0, Skipped: 0, Time elapsed: 26.96 s -- in tests.junit.booking.BookingParisTest
[INFO] Running tests.junit.booking.BookingPragueRatingTest
Nov 18, 2025 4:10:42 PM org.openqa
.selenium.devtools.CdpVersionFinde
r findNearestMatch
WARNING: Unable to find CDP 
implementation matching 142
Nov 18, 2025 4:10:42 PM org.openqa
.selenium.chromium.ChromiumDriver 
lambda$new$5
WARNING: Unable to find version 
of CDP to use for 142.0.7444.163. 
You may need to include a 
dependency on a specific version 
of the CDP using something 
similar to `org.seleniumhq.seleniu
m:selenium-devtools-v86:4.23.0` 
where the version ("v86") matches 
the version of the chromium-based 
browser you're using and the 
version number of the artifact is 
the same as Selenium's.
=== ╨ó╨ò╨í╨ó BOOKING PRAGUE (╨á╨ò╨Ö╨ó╨ÿ╨¥╨ô) ===

Γ£ô ╨₧╤é╨║╤Ç╤ï╨╗ Booking.com
Γ£ô ╨Ü╤â╨║╨╕ ╨┐╤Ç╨╕╨╜╤Å╤é╤ï
Γ£ô ╨₧╨║╨╜╨╛ Genius ╨╖╨░╨║╤Ç╤ï╤é╨╛

--- ╨ƒ╨₧╨ÿ╨í╨Ü ╨₧╨ó╨ò╨¢╨ò╨Ö ╨Æ ╨ƒ╨á╨É╨ô╨ò ---

Γ£ô ╨ƒ╤Ç╨░╨│╨░ ╨▓╤ï╨▒╤Ç╨░╨╜╨░
Γ£ô ╨ö╨░╤é╨░ ╨╖╨░╨╡╨╖╨┤╨░ (╤ü╨╡╨│╨╛╨┤╨╜╤Å): 2025-11-18
Γ£ô ╨ö╨░╤é╨░ ╨▓╤ï╨╡╨╖╨┤╨░ (╨╖╨░╨▓╤é╤Ç╨░): 2025-11-19
Γ£ô ╨Æ╤ï╨▒╨╕╤Ç╨░╨╡╨╝ 2 ╨│╨╛╤ü╤é╨╡╨╣, 1 ╨╜╨╛╨╝╨╡╤Ç...
Γ£ô ╨Æ╨╖╤Ç╨╛╤ü╨╗╤ï╤à: 2
Γ£ô ╨¥╨╛╨╝╨╡╤Ç╨╛╨▓: 1
Γ£ô ╨ƒ╨░╤Ç╨░╨╝╨╡╤é╤Ç╤ï ╤â╤ü╤é╨░╨╜╨╛╨▓╨╗╨╡╨╜╤ï
Γ£ô ╨ƒ╨╛╨╕╤ü╨║ ╨▓╤ï╨┐╨╛╨╗╨╜╨╡╨╜

Γ£ô ╨á╨╡╨╖╤â╨╗╤î╤é╨░╤é╤ï ╨╖╨░╨│╤Ç╤â╨╢╨╡╨╜╤ï

--- ╨ƒ╨á╨ÿ╨£╨ò╨¥╨ò╨¥╨ÿ╨ò ╨ñ╨ÿ╨¢╨¼╨ó╨á╨É ╨á╨ò╨Ö╨ó╨ÿ╨¥╨ô╨É ---

Γ£ô ╨£╨╡╨╜╤Ä ╤ü╨╛╤Ç╤é╨╕╤Ç╨╛╨▓╨║╨╕ ╨╛╤é╨║╤Ç╤ï╤é╨╛
[ERROR] Tests run: 1, Failures: 0, Errors: 1, Skipped: 0, Time elapsed: 47.29 s <<< FAILURE! -- in tests.junit.booking.BookingPragueRatingTest
[ERROR] tests.junit.booking.BookingPragueRatingTest.testPragueHotelRating -- Time elapsed: 47.28 s <<< ERROR!
org.openqa.selenium.TimeoutException: 
Expected condition failed: waiting for presence of any elements located by By.xpath: //button[contains(text(), 'rating') or contains(text(), 'Rating')] (tried for 30 second(s) with 500 milliseconds interval)
Build info: version: '4.23.0', revision: '4df0a231af'
System info: os.name: 'Windows 11', os.arch: 'amd64', os.version: '10.0', java.version: '23.0.1'
Driver info: org.openqa.selenium.chrome.ChromeDriver
Capabilities {acceptInsecureCerts: false, browserName: chrome, browserVersion: 142.0.7444.163, chrome: {chromedriverVersion: 142.0.7444.59 (4b8153ab58d3..., userDataDir: C:\Users\ILYA~1.MAR\AppData...}, fedcm:accounts: true, goog:chromeOptions: {debuggerAddress: localhost:32994}, goog:processID: 40684, networkConnectionEnabled: false, pageLoadStrategy: normal, platformName: windows, proxy: Proxy(), se:cdp: ws://localhost:32994/devtoo..., se:cdpVersion: 142.0.7444.163, setWindowRect: true, strictFileInteractability: false, timeouts: {implicit: 0, pageLoad: 300000, script: 30000}, unhandledPromptBehavior: dismiss and notify, webauthn:extension:credBlob: true, webauthn:extension:largeBlob: true, webauthn:extension:minPinLength: true, webauthn:extension:prf: true, webauthn:virtualAuthenticators: true}
Session ID: 69ed2051919ba8ef060c8a0a2149ff4a
	at org.openqa.selenium.support.ui.WebDriverWait.timeoutException(WebDriverWait.java:84)
	at org.openqa.selenium.support.ui.FluentWait.until(FluentWait.java:228)
	at tests.junit.booking.BookingPragueRatingTest.testPragueHotelRating(BookingPragueRatingTest.java:111)
	at java.base/jdk.internal.reflect.DirectMethodHandleAccessor.invoke(DirectMethodHandleAccessor.java:103)
	at java.base/java.lang.reflect.Method.invoke(Method.java:580)
	at org.junit.runners.model.FrameworkMethod$1.runReflectiveCall(FrameworkMethod.java:59)
	at org.junit.internal.runners.model.ReflectiveCallable.run(ReflectiveCallable.java:12)
	at org.junit.runners.model.FrameworkMethod.invokeExplosively(FrameworkMethod.java:56)
	at org.junit.internal.runners.statements.InvokeMethod.evaluate(InvokeMethod.java:17)
	at org.junit.internal.runners.statements.RunBefores.evaluate(RunBefores.java:26)
	at org.junit.internal.runners.statements.RunAfters.evaluate(RunAfters.java:27)
	at org.junit.runners.ParentRunner$3.evaluate(ParentRunner.java:306)
	at org.junit.runners.BlockJUnit4ClassRunner$1.evaluate(BlockJUnit4ClassRunner.java:100)
	at org.junit.runners.ParentRunner.runLeaf(ParentRunner.java:366)
	at org.junit.runners.BlockJUnit4ClassRunner.runChild(BlockJUnit4ClassRunner.java:103)
	at org.junit.runners.BlockJUnit4ClassRunner.runChild(BlockJUnit4ClassRunner.java:63)
	at org.junit.runners.ParentRunner$4.run(ParentRunner.java:331)
	at org.junit.runners.ParentRunner$1.schedule(ParentRunner.java:79)
	at org.junit.runners.ParentRunner.runChildren(ParentRunner.java:329)
	at org.junit.runners.ParentRunner.access$100(ParentRunner.java:66)
	at org.junit.runners.ParentRunner$2.evaluate(ParentRunner.java:293)
	at org.junit.runners.ParentRunner$3.evaluate(ParentRunner.java:306)
	at org.junit.runners.ParentRunner.run(ParentRunner.java:413)
	at org.apache.maven.surefire.junit4.JUnit4Provider.execute(JUnit4Provider.java:316)
	at org.apache.maven.surefire.junit4.JUnit4Provider.executeWithRerun(JUnit4Provider.java:240)
	at org.apache.maven.surefire.junit4.JUnit4Provider.executeTestSet(JUnit4Provider.java:214)
	at org.apache.maven.surefire.junit4.JUnit4Provider.invoke(JUnit4Provider.java:155)
	at org.apache.maven.surefire.booter.ForkedBooter.runSuitesInProcess(ForkedBooter.java:385)
	at org.apache.maven.surefire.booter.ForkedBooter.execute(ForkedBooter.java:162)
	at org.apache.maven.surefire.booter.ForkedBooter.run(ForkedBooter.java:507)
	at org.apache.maven.surefire.booter.ForkedBooter.main(ForkedBooter.java:495)

[INFO] Running tests.junit.booking.DemoQASelectMenuTest
Nov 18, 2025 4:11:28 PM org.openqa
.selenium.devtools.CdpVersionFinde
r findNearestMatch
WARNING: Unable to find CDP 
implementation matching 142
Nov 18, 2025 4:11:28 PM org.openqa
.selenium.chromium.ChromiumDriver 
lambda$new$5
WARNING: Unable to find version 
of CDP to use for 142.0.7444.163. 
You may need to include a 
dependency on a specific version 
of the CDP using something 
similar to `org.seleniumhq.seleniu
m:selenium-devtools-v86:4.23.0` 
where the version ("v86") matches 
the version of the chromium-based 
browser you're using and the 
version number of the artifact is 
the same as Selenium's.
=== ╨ó╨ò╨í╨ó DEMOQA SELECT MENU ===

--- ╨¿╨É╨ô 1: ╨₧╤é╨║╤Ç╤ï╤é╨╕╨╡ DemoQA Select Menu ---

Γ£ô ╨₧╤é╨║╤Ç╤ï╨╗ https://demoqa.com/select-menu

--- ╨¿╨É╨ô 2: Select Value ---

 ╨₧╤é╨║╤Ç╤ï╨▓╨░╤Ä ╨▓╤ï╨┐╨░╨┤╨░╤Ä╤ë╨╕╨╣ ╤ü╨┐╨╕╤ü╨╛╨║
Γ£ô ╨Æ╤ï╨┐╨░╨┤╨░╤Ä╤ë╨╕╨╣ ╤ü╨┐╨╕╤ü╨╛╨║ ╨╛╤é╨║╤Ç╤ï╤é
Γ£ô ╨Æ╤ï╨▒╤Ç╨░╨╜: Group 1, option 1

--- ╨¿╨É╨ô 3: Select One ---

 ╨₧╤é╨║╤Ç╤ï╨▓╨░╤Ä ╨▓╤ï╨┐╨░╨┤╨░╤Ä╤ë╨╕╨╣ ╤ü╨┐╨╕╤ü╨╛╨║
Γ£ô ╨Æ╤ï╨┐╨░╨┤╨░╤Ä╤ë╨╕╨╣ ╤ü╨┐╨╕╤ü╨╛╨║ ╨╛╤é╨║╤Ç╤ï╤é
Γ£ô ╨Æ╤ï╨▒╤Ç╨░╨╜: Mrs.

--- ╨¿╨É╨ô 4: Old Select Menu ---

 ╨Æ╤ï╨▒╨╕╤Ç╨░╤Ä ╨╖╨╜╨░╤ç╨╡╨╜╨╕╨╡ ╨╕╨╖ Old Select Menu
Γ£ô ╨Æ╤ï╨▒╤Ç╨░╨╜: Red

--- ╨¿╨É╨ô 5: Multiselect Dropdown ---

 ╨Æ╤ï╨▒╨╕╤Ç╨░╤Ä ╨╖╨╜╨░╤ç╨╡╨╜╨╕╨╡ ╨╕╨╖ Multiselect Dropdown
+ ╨¥╨░╨╣╨┤╨╡╨╜ multiselect ╨║╨╛╨╜╤é╨╡╨╣╨╜╨╡╤Ç
Γ£ô ╨Æ╤ï╨▒╤Ç╨░╨╜: Saab

--- ╨¿╨É╨ô 6: Standard Multi Select ---

 ╨Æ╤ï╨▒╨╕╤Ç╨░╤Ä ╨╖╨╜╨░╤ç╨╡╨╜╨╕╨╡ ╨╕╨╖ Standard Multi Select
Γ£ô ╨Æ╤ï╨▒╤Ç╨░╨╜: Volvo

+ ╨Æ╨í╨ò ╨Æ╨½╨ƒ╨É╨ö╨É╨«╨⌐╨ÿ╨ò ╨í╨ƒ╨ÿ╨í╨Ü╨ÿ ╨ú╨í╨ƒ╨ò╨¿╨¥╨₧ ╨ù╨É╨ƒ╨₧╨¢╨¥╨ò╨¥╨½!

+ ╨ó╨ò╨í╨ó ╨ù╨É╨Æ╨ò╨á╨¿╨ò╨¥
[INFO] Tests run: 1, Failures: 0, Errors: 0, Skipped: 0, Time elapsed: 5.882 s -- in tests.junit.booking.DemoQASelectMenuTest
[INFO] Running tests.junit.booking.W3SchoolsGoogleTest
Nov 18, 2025 4:11:34 PM org.openqa
.selenium.devtools.CdpVersionFinde
r findNearestMatch
WARNING: Unable to find CDP 
implementation matching 142
Nov 18, 2025 4:11:34 PM org.openqa
.selenium.chromium.ChromiumDriver 
lambda$new$5
WARNING: Unable to find version 
of CDP to use for 142.0.7444.163. 
You may need to include a 
dependency on a specific version 
of the CDP using something 
similar to `org.seleniumhq.seleniu
m:selenium-devtools-v86:4.23.0` 
where the version ("v86") matches 
the version of the chromium-based 
browser you're using and the 
version number of the artifact is 
the same as Selenium's.
=== ╨ó╨ò╨í╨ó W3SCHOOLS ΓåÆ GOOGLE ╨ƒ╨₧╨ÿ╨í╨Ü ===

--- ╨¿╨É╨ô 1: ╨₧╤é╨║╤Ç╤ï╤é╨╕╨╡ W3Schools ---

Γ£ô ╨₧╤é╨║╤Ç╤ï╨╗ https://www.w3schools.com/java/
Γ£ô Cookie ╤ü╨╛╨│╨╗╨░╤ü╨╕╨╡ W3Schools ╨╖╨░╨║╤Ç╤ï╤é╨╛

--- ╨¿╨É╨ô 2: ╨Æ╤ï╨┤╨╡╨╗╨╡╨╜╨╕╨╡ ╤ü╨╗╨╛╨▓╨░ Tutorial ---

Γ£ô ╨ù╨░╨│╨╛╨╗╨╛╨▓╨╛╨║ ╨╜╨░╨╣╨┤╨╡╨╜: Java Tutorial
Γ£ô ╨Æ╤ï╨┤╨╡╨╗╨╡╨╜╨╜╤ï╨╣ ╤é╨╡╨║╤ü╤é: "Tutorial"

--- ╨¿╨É╨ô 3: ╨ƒ╨╡╤Ç╨╡╤à╨╛╨┤ ╨╜╨░ Google ---

Γ£ô ╨₧╤é╨║╤Ç╤ï╨╗ https://www.google.com
 ╨ÿ╤ë╨╡╨╝ Google cookie ╤ü╨╛╨│╨╗╨░╤ü╨╕╨╡...
Γ£ô Google cookie ╤ü╨╛╨│╨╗╨░╤ü╨╕╨╡ ╨╖╨░╨║╤Ç╤ï╤é╨╛

--- ╨¿╨É╨ô 4: ╨Æ╤ü╤é╨░╨▓╨║╨░ ╤é╨╡╨║╤ü╤é╨░ ╨▓ ╨┐╨╛╨╕╤ü╨║ ---

Γ£ô ╨í╤é╤Ç╨╛╨║╨░ ╨┐╨╛╨╕╤ü╨║╨░ ╨╜╨░╨╣╨┤╨╡╨╜╨░
Γ£ô ╨Ü╨╗╨╕╨║╨╜╤â╨╗ ╨╜╨░ ╤ü╤é╤Ç╨╛╨║╤â ╨┐╨╛╨╕╤ü╨║╨░
Γ£ô ╨Æ╤ü╤é╨░╨▓╨╗╨╡╨╜╨╛ ╨▓ ╨┐╨╛╨╕╤ü╨║: "Tutorial"

--- ╨¿╨É╨ô 5: ╨ƒ╨╛╨╕╤ü╨║ ---

Γ£ô ╨¥╨░╨╢╨░╤é╨░ ╨║╨╗╨░╨▓╨╕╤ê╨░ Enter
 ╨ƒ╤Ç╨╛╨▓╨╡╤Ç╤Å╤Ä ╨╜╨░╨╗╨╕╤ç╨╕╨╡ reCAPTCHA...
Γ£ô reCAPTCHA ╨╜╨╡ ╨╛╨▒╨╜╨░╤Ç╤â╨╢╨╡╨╜╨░
Γ£ô ╨á╨╡╨╖╤â╨╗╤î╤é╨░╤é╤ï ╨┐╨╛╨╕╤ü╨║╨░ ╨╖╨░╨│╤Ç╤â╨╢╨╡╨╜╤ï

--- ╨¿╨É╨ô 6: ╨ƒ╤Ç╨╛╨▓╨╡╤Ç╨║╨░ ╤Ç╨╡╨╖╤â╨╗╤î╤é╨░╤é╨╛╨▓ ---

╨¥╨░╨╣╨┤╨╡╨╜╨╛ ╤Ç╨╡╨╖╤â╨╗╤î╤é╨░╤é╨╛╨▓: 13
1. - 
2. - 
3. - 
4. + tutorial ΓÇô wikipedia, wolna encyklopedia
5. + jak zrobi─ç dobry tutorial?
6. + co to jest tutorial i jak wygl─àda w szkole edukacji?
7. + tutorial ΓÇô co to jest i jak wykorzysta─ç go w marketingu?
8. + jak szybko zrobi─ç tutorial w pdf
9. + "tutorial" po polsku - ΓÇö s┼éownik angielsko-polski
10. + tutoriale

--- ╨á╨ò╨ù╨ú╨¢╨¼╨ó╨É╨ó╨½ ╨ƒ╨á╨₧╨Æ╨ò╨á╨Ü╨ÿ ---

+ ╨Æ╨░╨╗╨╕╨┤╨╜╤ï╤à ╤Ç╨╡╨╖╤â╨╗╤î╤é╨░╤é╨╛╨▓: 7/10
- ╨¥╨╡╨▓╨░╨╗╨╕╨┤╨╜╤ï╤à ╤Ç╨╡╨╖╤â╨╗╤î╤é╨░╤é╨╛╨▓: 3/10

!!! ╨ó╨ò╨í╨ó ╨º╨É╨í╨ó╨ÿ╨º╨¥╨₧ ╨ƒ╨á╨₧╨Ö╨ö╨ò╨¥: 7 ╤Ç╨╡╨╖╤â╨╗╤î╤é╨░╤é╨╛╨▓ ╤ü╨╛╨┤╨╡╤Ç╨╢╨░╤é ╤ü╨╗╨╛╨▓╨╛ "Tutorial"

+ ╨ó╨ò╨í╨ó ╨ù╨É╨Æ╨ò╨á╨¿╨ò╨¥
[INFO] Tests run: 1, Failures: 0, Errors: 0, Skipped: 0, Time elapsed: 8.254 s -- in tests.junit.booking.W3SchoolsGoogleTest
[INFO] Running tests.junit.people.AutomatedEngineerTest
[INFO] Tests run: 2, Failures: 0, Errors: 0, Skipped: 0, Time elapsed: 0.001 s -- in tests.junit.people.AutomatedEngineerTest
[INFO] Running tests.junit.people.ManualEngineerTest
[INFO] Tests run: 2, Failures: 0, Errors: 0, Skipped: 0, Time elapsed: 0 s -- in tests.junit.people.ManualEngineerTest
[INFO] 
[INFO] Results:
[INFO] 
[ERROR] Errors: 
[ERROR] tests.junit.booking.BookingCurrencyExtractTest.testExtractCurrency
[ERROR]   Run 1: BookingCurrencyExtractTest.testExtractCurrency:50 ┬╗ WebDriver target frame detached
  (failed to check if window was closed: disconnected: Unable to receive message from renderer)
  (Session info: chrome=142.0.7444.163)
Build info: version: '4.23.0', revision: '4df0a231af'
System info: os.name: 'Windows 11', os.arch: 'amd64', os.version: '10.0', java.version: '23.0.1'
Driver info: org.openqa.selenium.chrome.ChromeDriver
Command: [ae350fb0f648d53afb8e03e11e2af488, findElement {using=css selector, value=span.Picker_selection-text}]
Capabilities {acceptInsecureCerts: false, browserName: chrome, browserVersion: 142.0.7444.163, chrome: {chromedriverVersion: 142.0.7444.59 (4b8153ab58d3..., userDataDir: C:\Users\ILYA~1.MAR\AppData...}, fedcm:accounts: true, goog:chromeOptions: {debuggerAddress: localhost:48215}, goog:processID: 35508, networkConnectionEnabled: false, pageLoadStrategy: normal, platformName: windows, proxy: Proxy(), se:cdp: ws://localhost:48215/devtoo..., se:cdpVersion: 142.0.7444.163, setWindowRect: true, strictFileInteractability: false, timeouts: {implicit: 0, pageLoad: 300000, script: 30000}, unhandledPromptBehavior: dismiss and notify, webauthn:extension:credBlob: true, webauthn:extension:largeBlob: true, webauthn:extension:minPinLength: true, webauthn:extension:prf: true, webauthn:virtualAuthenticators: true}
Session ID: ae350fb0f648d53afb8e03e11e2af488
[ERROR]   Run 2: BookingCurrencyExtractTest.tearDown:120 ┬╗ WebDriver java.io.IOException: Output closed
Build info: version: '4.23.0', revision: '4df0a231af'
System info: os.name: 'Windows 11', os.arch: 'amd64', os.version: '10.0', java.version: '23.0.1'
Driver info: driver.version: ChromiumDriver
[INFO] 
[ERROR]   BookingPragueRatingTest.testPragueHotelRating:111 ┬╗ Timeout Expected condition failed: waiting for presence of any elements located by By.xpath: //button[contains(text(), 'rating') or contains(text(), 'Rating')] (tried for 30 second(s) with 500 milliseconds interval)
Build info: version: '4.23.0', revision: '4df0a231af'
System info: os.name: 'Windows 11', os.arch: 'amd64', os.version: '10.0', java.version: '23.0.1'
Driver info: org.openqa.selenium.chrome.ChromeDriver
Capabilities {acceptInsecureCerts: false, browserName: chrome, browserVersion: 142.0.7444.163, chrome: {chromedriverVersion: 142.0.7444.59 (4b8153ab58d3..., userDataDir: C:\Users\ILYA~1.MAR\AppData...}, fedcm:accounts: true, goog:chromeOptions: {debuggerAddress: localhost:32994}, goog:processID: 40684, networkConnectionEnabled: false, pageLoadStrategy: normal, platformName: windows, proxy: Proxy(), se:cdp: ws://localhost:32994/devtoo..., se:cdpVersion: 142.0.7444.163, setWindowRect: true, strictFileInteractability: false, timeouts: {implicit: 0, pageLoad: 300000, script: 30000}, unhandledPromptBehavior: dismiss and notify, webauthn:extension:credBlob: true, webauthn:extension:largeBlob: true, webauthn:extension:minPinLength: true, webauthn:extension:prf: true, webauthn:virtualAuthenticators: true}
Session ID: 69ed2051919ba8ef060c8a0a2149ff4a
[INFO] 
[ERROR] Tests run: 10, Failures: 0, Errors: 2, Skipped: 0
[INFO] 
[INFO] ------------------------------------------------------------------------
[INFO] BUILD FAILURE
[INFO] ------------------------------------------------------------------------
[INFO] Total time:  02:21 min
[INFO] Finished at: 2025-11-18T16:11:42+01:00
[INFO] ------------------------------------------------------------------------
[ERROR] Failed to execute goal org.apache.maven.plugins:maven-surefire-plugin:3.1.2:test (default-test) on project mavenMain: 
[ERROR] 
[ERROR] Please refer to C:\Users\ILYA.MARTSYNKEVICH\IdeaProjects\ProjectNew\target\surefire-reports for the individual test results.
[ERROR] Please refer to dump files (if any exist) [date].dump, [date]-jvmRun[N].dump and [date].dumpstream.
[ERROR] -> [Help 1]
[ERROR] 
[ERROR] To see the full stack trace of the errors, re-run Maven with the -e switch.
[ERROR] Re-run Maven using the -X switch to enable full debug logging.
[ERROR] 
[ERROR] For more information about the errors and possible solutions, please read the following articles:
[ERROR] [Help 1] http://cwiki.apache.org/confluence/display/MAVEN/MojoFailureException
